
> passwordpanic@0.1.0 build
> next build

▲ Next.js 16.1.6 (Turbopack)

  Creating an optimized production build ...

> Build error occurred
Error: Turbopack build failed with 1 errors:
./src/app/join/page.jsx:151:1
Parsing ecmascript source code failed
[0m [90m 149 |[39m }
 [90m 150 |[39m
[31m[1m>[22m[39m[90m 151 |[39m }
 [90m     |[39m [31m[1m^[22m[39m
 [90m 152 |[39m[0m

Expression expected


    at <unknown> (./src/app/join/page.jsx:151:1)
